// Jest Snapshot v1, https://goo.gl/fbAQLP

exports[`ModalWrapper component matches snapshot 1`] = `null`;
